  Determining projects to restore...
  All projects are up-to-date for restore.
D:\antigravity\Azure_Dashboard\backend\Controllers\UserController.cs(48,17): error CS0117: 'User' does not contain a definition for 'Department' [D:\antigravity\Azure_Dashboard\backend\AzureFinOps.API.csproj]
D:\antigravity\Azure_Dashboard\backend\Controllers\UserController.cs(71,17): error CS0117: 'User' does not contain a definition for 'Department' [D:\antigravity\Azure_Dashboard\backend\AzureFinOps.API.csproj]
D:\antigravity\Azure_Dashboard\backend\Services\UserService.cs(46,35): error CS1061: 'User' does not contain a definition for 'Department' and no accessible extension method 'Department' accepting a first argument of type 'User' could be found (are you missing a using directive or an assembly reference?) [D:\antigravity\Azure_Dashboard\backend\AzureFinOps.API.csproj]
D:\antigravity\Azure_Dashboard\backend\Services\UserService.cs(48,35): error CS1061: 'User' does not contain a definition for 'LastActive' and no accessible extension method 'LastActive' accepting a first argument of type 'User' could be found (are you missing a using directive or an assembly reference?) [D:\antigravity\Azure_Dashboard\backend\AzureFinOps.API.csproj]
D:\antigravity\Azure_Dashboard\backend\Services\UserService.cs(112,26): error CS1061: 'User' does not contain a definition for 'Department' and no accessible extension method 'Department' accepting a first argument of type 'User' could be found (are you missing a using directive or an assembly reference?) [D:\antigravity\Azure_Dashboard\backend\AzureFinOps.API.csproj]
D:\antigravity\Azure_Dashboard\backend\Services\UserService.cs(112,51): error CS1061: 'User' does not contain a definition for 'Department' and no accessible extension method 'Department' accepting a first argument of type 'User' could be found (are you missing a using directive or an assembly reference?) [D:\antigravity\Azure_Dashboard\backend\AzureFinOps.API.csproj]
D:\antigravity\Azure_Dashboard\backend\Services\CostService.cs(165,36): warning CS8601: Possible null reference assignment. [D:\antigravity\Azure_Dashboard\backend\AzureFinOps.API.csproj]

Build FAILED.

D:\antigravity\Azure_Dashboard\backend\Services\CostService.cs(165,36): warning CS8601: Possible null reference assignment. [D:\antigravity\Azure_Dashboard\backend\AzureFinOps.API.csproj]
D:\antigravity\Azure_Dashboard\backend\Controllers\UserController.cs(48,17): error CS0117: 'User' does not contain a definition for 'Department' [D:\antigravity\Azure_Dashboard\backend\AzureFinOps.API.csproj]
D:\antigravity\Azure_Dashboard\backend\Controllers\UserController.cs(71,17): error CS0117: 'User' does not contain a definition for 'Department' [D:\antigravity\Azure_Dashboard\backend\AzureFinOps.API.csproj]
D:\antigravity\Azure_Dashboard\backend\Services\UserService.cs(46,35): error CS1061: 'User' does not contain a definition for 'Department' and no accessible extension method 'Department' accepting a first argument of type 'User' could be found (are you missing a using directive or an assembly reference?) [D:\antigravity\Azure_Dashboard\backend\AzureFinOps.API.csproj]
D:\antigravity\Azure_Dashboard\backend\Services\UserService.cs(48,35): error CS1061: 'User' does not contain a definition for 'LastActive' and no accessible extension method 'LastActive' accepting a first argument of type 'User' could be found (are you missing a using directive or an assembly reference?) [D:\antigravity\Azure_Dashboard\backend\AzureFinOps.API.csproj]
D:\antigravity\Azure_Dashboard\backend\Services\UserService.cs(112,26): error CS1061: 'User' does not contain a definition for 'Department' and no accessible extension method 'Department' accepting a first argument of type 'User' could be found (are you missing a using directive or an assembly reference?) [D:\antigravity\Azure_Dashboard\backend\AzureFinOps.API.csproj]
D:\antigravity\Azure_Dashboard\backend\Services\UserService.cs(112,51): error CS1061: 'User' does not contain a definition for 'Department' and no accessible extension method 'Department' accepting a first argument of type 'User' could be found (are you missing a using directive or an assembly reference?) [D:\antigravity\Azure_Dashboard\backend\AzureFinOps.API.csproj]
    1 Warning(s)
    6 Error(s)

Time Elapsed 00:00:03.60
